POWER NET REPORT 
Generated Date: Sun Aug 23 19:21:28 2026
Host Name: micron9.eng.tau.ac.il


==============================
POWER NET 
==============================
Power Net: VDDC
Voltage: 0.810
Threshold: 0.769


==============================
POWER-GRID VIEW
==============================
Power-Grid Views Used: 130


==============================
POWER-GRID ATTRIBUTES
==============================
Total Resistor Elements: 507305
    Please refer to ../VDDC/grid.gif for more details
Top-level Resistor Elements:507305
Cell Library Resistor Elements: 0
Total Number of Current Taps: 112417
    Please refer to ../VDDC/tc.gif for more details


==============================
IR DROP ANALYSIS
==============================
Layer based IR Drop Report: See Report
Minimum, Average, Maximum IR drop: 0.807V 0.809V 0.810V
    Please refer to ../VDDC/ir_linear.gif for more details
Total Static Current Loaded: -0.0077389981597661972A
Number of Violations: 0
    Please refer to ../VDDC/ir_limit.gif for more details
Minimum, Average, Maximum Vsrc Current: -0.0042481017298996449A, -0.0038694990798830986A, -0.0034908964298665524A


==============================
EFFECTIVE RESISTANCE ANALYSIS
==============================
Minimum, Average, Maximum Reff: 5.99226665, 54.394220673011127, 93.082016


==============================
CURRENT DENSITY ANALYSIS
==============================
Minimum, Average, Maximum J/Jmax:
Number of Violations: 0
    Please refer to ./ir_signoff_iter4b_l5_final/PD_Core_125C_avg_1/Reports/VDDC/rj.gif for more details


==============================
POWER SWITCH ANALYSIS
==============================
PowerGate Current I/Idsat violations: 
    Please refer to ./ir_signoff_iter4b_l5_final/PD_Core_125C_avg_1/Reports/VDDC/pi.gif for more details
Minimum, Average, Maximum I/Idsat (pi): NA, NA, NA
Minimum, Average, Maximum IRdrop Across PowerGate (pv): 0, 0, 0
Power Switch ECO file for Soc Encounter: 


==============================
PACKAGE ANALYSIS
==============================
Voltage Drop Across Package (vu): NA, NA, NA


==============================
CAPACITANCE ANALYSIS
==============================
Decap Optimization method: area  
Total Coupling Capacitance: NA
    Please refer to ../VDDC/dd.gif for more details
Grid Coupling Capacitance: NA
Gate Coupling Capacitance (internal): NA
Loading Coupling Capacitance: NA
Capacitance Offered by Placed Decaps: NA
Additional Capacitance Required: 0.000F
    Please refer to ../VDDC/dr.gif for more details
Total Feasible Capacitance: 0.000F
Total Leakage Current of Placed Decaps: 0.000A
Total Leakage Current of ECO Decaps: 0.000A
What-if ECO File:   
SoC Encounter ECO File: ./ir_signoff_iter4b_l5_final/PD_Core_125C_avg_1//VDDC/vs2fe_eco.tcl 


==============================
ADDITIONAL FILES
==============================
Instance Voltage File: ./ir_signoff_iter4b_l5_final/PD_Core_125C_avg_1/Reports/VDDC/VDDC.iv
Dynamic IR drop Waveform File (dynamic): 
Effective Instance Voltage File (dynamic): 

Summary: ./ir_signoff_iter4b_l5_final/PD_Core_125C_avg_1//VDDC/results 


