*----------------------------------------------------------------------------------------
*	Innovus 22.15-s091_1 (64bit) 02/28/2024 12:21 (Linux 3.10.0-693.el7.x86_64)
*	
*
* 	Date & Time:	2026-Aug-20 10:14:01 (2026-Aug-20 07:14:01 GMT)
*
*----------------------------------------------------------------------------------------
*
*	Design: top
*
*	Liberty Libraries used: 
*	        SlowView: /project/verif/users/yitzhak2/ws/ex_vlsi_1/final_script/innovus/dataout/design_saves/final_hold_eco_iter4b_trial.dat/libs/mmmc/tcbn28hpcplusbwp30p140ssg0p81v125c.lib
*	        SlowView: /project/verif/users/yitzhak2/ws/ex_vlsi_1/final_script/innovus/dataout/design_saves/final_hold_eco_iter4b_trial.dat/libs/mmmc/tphn28hpcpgv18ssg0p81v1p62v125c.lib
*
*	Power Domain used: 
*              Rail:        POC      Voltage:       1.62 
*              Rail:       VDDP      Voltage:       1.62 
*              Rail:       VDDC      Voltage:       0.81 
*
*       Power View : SlowView
*
*       User-Defined Activity : N.A.
*
*	Switching Activity File used: 
*	        /project/verif/users/yitzhak2/ws/ex_vlsi_1/final_script/innovus/datain/saif/core_L4.saif
*
*            Total Design annotation coverage: 47764/48596 = 98.287926% 

*       Hierarchical Global Activity: N.A.
*
*       Global Activity: N.A.
*
*       Sequential Element Activity: N.A.
*
*       Primary Input Activity: 0.200000
*
*       Default icg ratio: N.A.
*
*       Global Comb ClockGate Ratio: N.A.
*
*	Power Units = 1mW
*
*	Time Units = 1e-09 secs 
*
*       report_power -outfile ./power_signoff_iter4b/saif/chip_L4.rpt
*
-----------------------------------------------------------------------------------------


Total Power 
-----------------------------------------------------------------------------------------
Total Internal Power:       22.75993742 	   65.0942%
Total Switching Power:      10.17390910 	   29.0977%
Total Leakage Power:         2.03076407 	    5.8081%
Total Power:                34.96461060 
-----------------------------------------------------------------------------------------


Group                           Internal   Switching     Leakage       Total  Percentage 
                                Power      Power         Power         Power  (%)        
-----------------------------------------------------------------------------------------
Sequential                        0.9707       0.147      0.1547       1.272       3.639 
Macro                                  0           0    0.003494    0.003494    0.009993 
IO                                 20.67       8.526     0.02524       29.22       83.58 
Combinational                      1.056       1.275       1.842       4.172       11.93 
Clock (Combinational)            0.06102      0.2256    0.005628      0.2923      0.8359 
Clock (Sequential)                     0           0           0           0           0 
-----------------------------------------------------------------------------------------
Total                              22.76       10.17       2.031       34.96         100 
-----------------------------------------------------------------------------------------


Rail                  Voltage   Internal   Switching     Leakage       Total  Percentage 
                                Power      Power         Power         Power  (%)        
-----------------------------------------------------------------------------------------
POC                      1.62      20.13           0     0.01366       20.15       57.62 
VDDC                     0.81      2.627       1.673       2.017       6.317       18.07 
VDDP                     1.62          0       8.501           0       8.501       24.31 


Clock                           Internal   Switching     Leakage       Total  Percentage 
                                Power      Power         Power         Power  (%)        
-----------------------------------------------------------------------------------------
clk                                2.592      0.5223    0.006146        3.12       8.923 
-----------------------------------------------------------------------------------------
Total (excluding duplicates)       2.592      0.5223    0.006146        3.12       8.923 
-----------------------------------------------------------------------------------------
Clock: clk
Clock Period: 0.001040 usec 
Clock Toggle Rate:   192.3077 Mhz 
Clock Static Probability:  0.5000



-----------------------------------------------------------------------------------------
*	Power Distribution Summary: 
*                Highest Average Power:                     I5/I1 (PDDW04DGZ_H_G):            2.828 
*                Highest Leakage Power:                 PAD_I1/I1 (PVDD1DGZ_H_G):         0.001227 
*          Total Cap:      2.01915e-10 F
*          Total instances in design: 39513
*          Total instances in design with no power:     4
*          Total instances in design with no activity:     4
*          Total Fillers and Decap:     4
-----------------------------------------------------------------------------------------

