*----------------------------------------------------------------------------------------
*	Innovus 22.15-s091_1 (64bit) 02/28/2024 12:21 (Linux 3.10.0-693.el7.x86_64)
*	
*
* 	Date & Time:	2026-Aug-20 10:13:52 (2026-Aug-20 07:13:52 GMT)
*
*----------------------------------------------------------------------------------------
*
*	Design: top
*
*	Liberty Libraries used: 
*	        SlowView: /project/verif/users/yitzhak2/ws/ex_vlsi_1/final_script/innovus/dataout/design_saves/final_hold_eco_iter4b_trial.dat/libs/mmmc/tcbn28hpcplusbwp30p140ssg0p81v125c.lib
*	        SlowView: /project/verif/users/yitzhak2/ws/ex_vlsi_1/final_script/innovus/dataout/design_saves/final_hold_eco_iter4b_trial.dat/libs/mmmc/tphn28hpcpgv18ssg0p81v1p62v125c.lib
*
*	Power Domain used: 
*              Rail:        POC      Voltage:       1.62 
*              Rail:       VDDP      Voltage:       1.62 
*              Rail:       VDDC      Voltage:       0.81 
*
*       Power View : SlowView
*
*       User-Defined Activity : N.A.
*
*	Switching Activity File used: 
*	        /project/verif/users/yitzhak2/ws/ex_vlsi_1/final_script/innovus/datain/saif/core_L3.saif
*
*            Total Design annotation coverage: 47764/48596 = 98.287926% 

*       Hierarchical Global Activity: N.A.
*
*       Global Activity: N.A.
*
*       Sequential Element Activity: N.A.
*
*       Primary Input Activity: 0.200000
*
*       Default icg ratio: N.A.
*
*       Global Comb ClockGate Ratio: N.A.
*
*	Power Units = 1mW
*
*	Time Units = 1e-09 secs 
*
*       report_power -outfile ./power_signoff_iter4b/saif/fir_Q_L3.rpt -instances {I0/u_path_Q_u_fir}
*
-----------------------------------------------------------------------------------------


Total Power 
-----------------------------------------------------------------------------------------
Total Internal Power:       18.29785230 	   63.4222%
Total Switching Power:       8.50401991 	   29.4758%
Total Leakage Power:         2.04897467 	    7.1020%
Total Power:                28.85084689 
-----------------------------------------------------------------------------------------


Group                           Internal   Switching     Leakage       Total  Percentage 
                                Power      Power         Power         Power  (%)        
-----------------------------------------------------------------------------------------
Sequential                         0.807      0.1176      0.1542       1.079       3.739 
Macro                                  0           0    0.003494    0.003494     0.01211 
IO                                  16.6       7.193     0.02524       23.82       82.56 
Combinational                     0.8359      0.9983        1.86       3.695       12.81 
Clock (Combinational)            0.05305      0.1949    0.005608      0.2535      0.8787 
Clock (Sequential)                     0           0           0           0           0 
-----------------------------------------------------------------------------------------
Total                               18.3       8.504       2.049       28.85         100 
-----------------------------------------------------------------------------------------


Clock                           Internal   Switching     Leakage       Total  Percentage 
                                Power      Power         Power         Power  (%)        
-----------------------------------------------------------------------------------------
clk                                2.424      0.4902    0.006126       2.921       10.12 
-----------------------------------------------------------------------------------------
Total (excluding duplicates)       2.424      0.4902    0.006126       2.921       10.12 
-----------------------------------------------------------------------------------------
Clock: clk
Clock Period: 0.001040 usec 
Clock Toggle Rate:   192.3077 Mhz 
Clock Static Probability:  0.5000



Rail                  Voltage   Internal   Switching     Leakage       Total  Percentage 
                                Power      Power         Power         Power  (%)        
-----------------------------------------------------------------------------------------
POC                      1.62      16.16           0     0.01366       16.18       56.07 
VDDC                     0.81      2.135       1.335       2.035       5.505       19.08 
VDDP                     1.62          0       7.169           0       7.169       24.85 


Instance                      Max Toggles   Total Toggles   Internal   Switching     Leakage       Total  Percentage    Cell
                              Input Pins    Output Pins     Power      Power         Power         Power  (%)           Name
----------------------------------------------------------------------------------------------------------------------------
I0/u_path_Q_u_fir                       0               0     0.5068      0.3534      0.1448       1.005       3.483    
----------------------------------------------------------------------------------------------------------------------------
Total                                                         0.5068      0.3534      0.1448       1.005       3.483    


-----------------------------------------------------------------------------------------
*	Power Distribution Summary: 
*                Highest Average Power:                     I5/I1 (PDDW04DGZ_H_G):            2.667 
*                Highest Leakage Power:                 PAD_I1/I1 (PVDD1DGZ_H_G):         0.001227 
*          Total Cap:      2.01915e-10 F
*          Total instances in design: 39513
*          Total instances in design with no power:     4
*          Total instances in design with no activity:     4
*          Total Fillers and Decap:     4
-----------------------------------------------------------------------------------------

