*----------------------------------------------------------------------------------------
*	Innovus 22.15-s091_1 (64bit) 02/28/2024 12:21 (Linux 3.10.0-693.el7.x86_64)
*	
*
* 	Date & Time:	2026-Aug-20 10:14:17 (2026-Aug-20 07:14:17 GMT)
*
*----------------------------------------------------------------------------------------
*
*	Design: top
*
*	Liberty Libraries used: 
*	        SlowView: /project/verif/users/yitzhak2/ws/ex_vlsi_1/final_script/innovus/dataout/design_saves/final_hold_eco_iter4b_trial.dat/libs/mmmc/tcbn28hpcplusbwp30p140ssg0p81v125c.lib
*	        SlowView: /project/verif/users/yitzhak2/ws/ex_vlsi_1/final_script/innovus/dataout/design_saves/final_hold_eco_iter4b_trial.dat/libs/mmmc/tphn28hpcpgv18ssg0p81v1p62v125c.lib
*
*	Power Domain used: 
*              Rail:        POC      Voltage:       1.62 
*              Rail:       VDDP      Voltage:       1.62 
*              Rail:       VDDC      Voltage:       0.81 
*
*       Power View : SlowView
*
*       User-Defined Activity : N.A.
*
*	Switching Activity File used: 
*	        /project/verif/users/yitzhak2/ws/ex_vlsi_1/final_script/innovus/datain/saif/core_L5.saif
*
*            Total Design annotation coverage: 47764/48596 = 98.287926% 

*       Hierarchical Global Activity: N.A.
*
*       Global Activity: N.A.
*
*       Sequential Element Activity: N.A.
*
*       Primary Input Activity: 0.200000
*
*       Default icg ratio: N.A.
*
*       Global Comb ClockGate Ratio: N.A.
*
*	Power Units = 1mW
*
*	Time Units = 1e-09 secs 
*
*       report_power -outfile ./power_signoff_iter4b/saif/interp_I_L5.rpt -instances {I0/u_path_I_u_interp}
*
-----------------------------------------------------------------------------------------


Total Power 
-----------------------------------------------------------------------------------------
Total Internal Power:       26.65038128 	   65.9704%
Total Switching Power:      11.66117741 	   28.8661%
Total Leakage Power:         2.08593870 	    5.1635%
Total Power:                40.39749739 
-----------------------------------------------------------------------------------------


Group                           Internal   Switching     Leakage       Total  Percentage 
                                Power      Power         Power         Power  (%)        
-----------------------------------------------------------------------------------------
Sequential                         1.104      0.1746      0.1549       1.434       3.549 
Macro                                  0           0    0.003494    0.003494    0.008649 
IO                                 24.29       9.812     0.02524       34.13       84.48 
Combinational                       1.19       1.433       1.897        4.52       11.19 
Clock (Combinational)            0.06477       0.242    0.005662      0.3124      0.7733 
Clock (Sequential)                     0           0           0           0           0 
-----------------------------------------------------------------------------------------
Total                              26.65       11.66       2.086        40.4         100 
-----------------------------------------------------------------------------------------


Clock                           Internal   Switching     Leakage       Total  Percentage 
                                Power      Power         Power         Power  (%)        
-----------------------------------------------------------------------------------------
clk                                2.436      0.5373     0.00618        2.98       7.376 
-----------------------------------------------------------------------------------------
Total (excluding duplicates)       2.436      0.5373     0.00618        2.98       7.376 
-----------------------------------------------------------------------------------------
Clock: clk
Clock Period: 0.001040 usec 
Clock Toggle Rate:   192.3077 Mhz 
Clock Static Probability:  0.5000



Rail                  Voltage   Internal   Switching     Leakage       Total  Percentage 
                                Power      Power         Power         Power  (%)        
-----------------------------------------------------------------------------------------
POC                      1.62      23.66           0     0.01366       23.68       58.61 
VDDC                     0.81      2.986       1.874       2.072       6.932       17.16 
VDDP                     1.62          0       9.787           0       9.787       24.23 


Instance                      Max Toggles   Total Toggles   Internal   Switching     Leakage       Total  Percentage    Cell
                              Input Pins    Output Pins     Power      Power         Power         Power  (%)           Name
----------------------------------------------------------------------------------------------------------------------------
I0/u_path_I_u_interp                    0               0     0.1942      0.1947      0.8701       1.259       3.117    
----------------------------------------------------------------------------------------------------------------------------
Total                                                         0.1942      0.1947      0.8701       1.259       3.117    


-----------------------------------------------------------------------------------------
*	Power Distribution Summary: 
*                Highest Average Power:                    I47/I1 (PDDW04DGZ_V_G):            3.335 
*                Highest Leakage Power:                 PAD_I1/I1 (PVDD1DGZ_H_G):         0.001227 
*          Total Cap:      2.01915e-10 F
*          Total instances in design: 39513
*          Total instances in design with no power:     4
*          Total instances in design with no activity:     4
*          Total Fillers and Decap:     4
-----------------------------------------------------------------------------------------

