Information: Setting rc_cache_min_max_rise_fall_ceff to TRUE. (XTALK-015)
Information: Using automatic max wire load selection group 'WireAreaForZero'. (ENV-003)
Information: Using automatic min wire load selection group 'WireAreaForZero'. (ENV-003)
Warning: Some timing arcs have been disabled for breaking timing loops or because of constant propagation. Use the 'report_disable_timing' command to get the list of these disabled timing arcs. (PTE-003)
Information: Building multi voltage information for entire design. (MV-022)
Information: Inferring 6 clock-gating checks. (PTE-017)
Information: Signal integrity analysis is enabled but the design has no signal integrity data. (XTALK-011)
Information: Starting crosstalk aware timing iteration 1. (XTALK-001)
Information: Number of nets evaluated in the previous iteration: 48587. (XTALK-105)
Information: Checking 'no_input_delay'.
Warning: There are 9 ports with no clock-relative input delay specified.
Since the variable 'timing_input_port_default_clock' is 'false',
paths from such ports will be unconstrained.

Ports
------------------------------------------------------------
rst_n
sanity_in_ff
sanity_in_inv
scan_en
scan_in1
scan_in2
scan_in3
serial_in_I
serial_in_Q

Information: Checking 'no_driving_cell'.
Information: Checking 'unconstrained_endpoints'.
Information: Checking 'unexpandable_clocks'.
 Failed clocks set      Related clocks           Original Period     Expanded Period     Added Edges     Voltage Config
-----------------------------------------------------------------------------------------------------------------------
Information: Checking 'latch_fanout'.
Information: Checking 'no_clock'.
Information: Checking 'partial_input_delay'.
Information: Checking 'generic'.
Information: Checking 'loops'.
Information: Checking 'generated_clocks'.
Information: Checking 'pulse_clock_non_pulse_clock_merge'.
Information: Checking 'pll_configuration'.
Information: Checking 'voltage_level'.

Check cell voltage level related issues including rail voltages
Cell Name                      min/max    issues found 
----------------------------------------------------------------------
0
