****************************************
Report : timing
	-path_type full_clock
	-delay_type min
	-nosplit
	-slack_lesser_than 1000.000000
	-max_paths 20
	-group **clock_gating_default**
	-sort_by slack
Design : top
Version: X-2025.06-SP2-1
Date   : Sun Aug 23 17:10:23 2026
****************************************


  Startpoint: I0/u_path_Q_u_sipo_clk_gate_shift_reg_reg_latch (negative level-sensitive latch clocked by clk)
  Endpoint: I0/u_path_Q_u_sipo_clk_gate_shift_reg_reg_main_gate (rising clock gating-check end-point clocked by clk)
  Last common pin: I5/I1/C
  Path Group: **clock_gating_default**
  Path Type: min

  Point                                                                                            Incr       Path
  -----------------------------------------------------------------------------------------------------------------------
  clock clk (fall edge)                                                                        0.520000   0.520000
  clock source latency                                                                         0.000000   0.520000
  I5/I1/C (PDDW04DGZ_H_G)                                                                      0.000000   0.520000 f
  I0/CTS_csf_buf_00017/Z (CKBD12BWP30P140)                                                     0.050225 & 0.570225 f
  I0/CTS_ccl_a_buf_00015/Z (CKBD2BWP30P140)                                                    0.028813 & 0.599038 f
  I0/u_path_Q_u_sipo_clk_gate_shift_reg_reg_latch/EN (LNQD1BWP30P140)                          0.000458 & 0.599496 f
  I0/u_path_Q_u_sipo_clk_gate_shift_reg_reg_latch/Q (LNQD1BWP30P140)                           0.042167 & 0.641663 r
  I0/FE_PHC487_u_path_Q_u_sipo_clk_gate_shift_reg_reg_net58472/Z (BUFFD0BWP30P140)             0.015963 & 0.657627 r
  I0/U_PTECO3_CG_BUF2/Z (BUFFD0BWP30P140)                                                      0.017977 & 0.675604 r
  I0/u_path_Q_u_sipo_clk_gate_shift_reg_reg_main_gate/A1 (AN2D4BWP30P140)                      0.000058 & 0.675662 r
  data arrival time                                                                                       0.675662

  clock clk (fall edge)                                                                        0.520000   0.520000
  clock source latency                                                                         0.000000   0.520000
  I5/I1/C (PDDW04DGZ_H_G)                                                                      0.000000   0.520000 f
  I0/CTS_csf_buf_00017/Z (CKBD12BWP30P140)                                                     0.050225 & 0.570225 f
  I0/CTS_cfo_buf_00038/Z (CKBD6BWP30P140)                                                      0.022636 & 0.592862 f
  I0/u_path_Q_u_sipo_clk_gate_shift_reg_reg_main_gate/A2 (AN2D4BWP30P140)                      0.001547 & 0.594409 f
  clock reconvergence pessimism                                                                0.000000   0.594409
  clock uncertainty                                                                            0.050000   0.644409
  clock gating hold time                                                                       0.000000   0.644409
  data required time                                                                                      0.644409
  -----------------------------------------------------------------------------------------------------------------------
  data required time                                                                                      0.644409
  data arrival time                                                                                       -0.675662
  -----------------------------------------------------------------------------------------------------------------------
  slack (MET)                                                                                             0.031253


  Startpoint: I0/u_control_clk_gate_L_val_reg_latch (negative level-sensitive latch clocked by clk)
  Endpoint: I0/u_control_clk_gate_L_val_reg_main_gate (rising clock gating-check end-point clocked by clk)
  Last common pin: I5/I1/C
  Path Group: **clock_gating_default**
  Path Type: min

  Point                                                                                     Incr       Path
  ----------------------------------------------------------------------------------------------------------------
  clock clk (fall edge)                                                                 0.520000   0.520000
  clock source latency                                                                  0.000000   0.520000
  I5/I1/C (PDDW04DGZ_H_G)                                                               0.000000   0.520000 f
  I0/CTS_csf_buf_00017/Z (CKBD12BWP30P140)                                              0.050225 & 0.570225 f
  I0/CTS_ccl_a_buf_00015/Z (CKBD2BWP30P140)                                             0.028813 & 0.599038 f
  I0/u_control_clk_gate_L_val_reg_latch/EN (LNQD1BWP30P140)                             0.000343 & 0.599382 f
  I0/u_control_clk_gate_L_val_reg_latch/Q (LNQD1BWP30P140)                              0.043242 & 0.642624 r
  I0/FE_PHC534_u_control_clk_gate_L_val_reg_net58487/Z (DEL050MD1BWP30P140)             0.040599 & 0.683222 r
  I0/u_control_clk_gate_L_val_reg_main_gate/A1 (AN2D0BWP30P140)                         0.000059 & 0.683281 r
  data arrival time                                                                                0.683281

  clock clk (fall edge)                                                                 0.520000   0.520000
  clock source latency                                                                  0.000000   0.520000
  I5/I1/C (PDDW04DGZ_H_G)                                                               0.000000   0.520000 f
  I0/CTS_csf_buf_00017/Z (CKBD12BWP30P140)                                              0.050225 & 0.570225 f
  I0/CTS_ccl_a_buf_00015/Z (CKBD2BWP30P140)                                             0.030674 & 0.600899 f
  I0/u_control_clk_gate_L_val_reg_main_gate/A2 (AN2D0BWP30P140)                         0.000327 & 0.601226 f
  clock reconvergence pessimism                                                         0.000000   0.601226
  clock uncertainty                                                                     0.050000   0.651226
  clock gating hold time                                                                0.000000   0.651226
  data required time                                                                               0.651226
  ----------------------------------------------------------------------------------------------------------------
  data required time                                                                               0.651226
  data arrival time                                                                                -0.683281
  ----------------------------------------------------------------------------------------------------------------
  slack (MET)                                                                                      0.032056


  Startpoint: I0/u_control_clk_gate_cfg_reg_reg_latch (negative level-sensitive latch clocked by clk)
  Endpoint: I0/u_control_clk_gate_cfg_reg_reg_main_gate (rising clock gating-check end-point clocked by clk)
  Last common pin: I5/I1/C
  Path Group: **clock_gating_default**
  Path Type: min

  Point                                                                                       Incr       Path
  ------------------------------------------------------------------------------------------------------------------
  clock clk (fall edge)                                                                   0.520000   0.520000
  clock source latency                                                                    0.000000   0.520000
  I5/I1/C (PDDW04DGZ_H_G)                                                                 0.000000   0.520000 f
  I0/CTS_csf_buf_00017/Z (CKBD12BWP30P140)                                                0.050225 & 0.570225 f
  I0/CTS_ccl_a_buf_00015/Z (CKBD2BWP30P140)                                               0.028813 & 0.599038 f
  I0/u_control_clk_gate_cfg_reg_reg_latch/EN (LNQD1BWP30P140)                             0.000357 & 0.599395 f
  I0/u_control_clk_gate_cfg_reg_reg_latch/Q (LNQD1BWP30P140)                              0.043513 & 0.642908 r
  I0/FE_PHC533_u_control_clk_gate_cfg_reg_reg_net58487/Z (DEL050MD1BWP30P140)             0.040502 & 0.683410 r
  I0/u_control_clk_gate_cfg_reg_reg_main_gate/A1 (AN2D0BWP30P140)                         0.000041 & 0.683451 r
  data arrival time                                                                                  0.683451

  clock clk (fall edge)                                                                   0.520000   0.520000
  clock source latency                                                                    0.000000   0.520000
  I5/I1/C (PDDW04DGZ_H_G)                                                                 0.000000   0.520000 f
  I0/CTS_csf_buf_00017/Z (CKBD12BWP30P140)                                                0.050225 & 0.570225 f
  I0/CTS_ccl_a_buf_00015/Z (CKBD2BWP30P140)                                               0.030674 & 0.600899 f
  I0/u_control_clk_gate_cfg_reg_reg_main_gate/A2 (AN2D0BWP30P140)                         0.000370 & 0.601269 f
  clock reconvergence pessimism                                                           0.000000   0.601269
  clock uncertainty                                                                       0.050000   0.651269
  clock gating hold time                                                                  0.000000   0.651269
  data required time                                                                                 0.651269
  ------------------------------------------------------------------------------------------------------------------
  data required time                                                                                 0.651269
  data arrival time                                                                                  -0.683451
  ------------------------------------------------------------------------------------------------------------------
  slack (MET)                                                                                        0.032182


  Startpoint: I0/u_path_Q_u_fir/clk_gate_y_out_reg_latch (negative level-sensitive latch clocked by clk)
  Endpoint: I0/u_path_Q_u_fir/clk_gate_y_out_reg_main_gate (rising clock gating-check end-point clocked by clk)
  Last common pin: I5/I1/C
  Path Group: **clock_gating_default**
  Path Type: min

  Point                                                                                      Incr       Path
  -----------------------------------------------------------------------------------------------------------------
  clock clk (fall edge)                                                                  0.520000   0.520000
  clock source latency                                                                   0.000000   0.520000
  I5/I1/C (PDDW04DGZ_H_G)                                                                0.000000   0.520000 f
  I0/CTS_csf_buf_00017/Z (CKBD12BWP30P140)                                               0.050225 & 0.570225 f
  I0/CTS_cfo_buf_00038/Z (CKBD6BWP30P140)                                                0.021504 & 0.591730 f
  I0/u_path_Q_u_fir/clk_gate_y_out_reg_latch/EN (LNQD1BWP30P140)                         0.004003 & 0.595732 f
  I0/u_path_Q_u_fir/clk_gate_y_out_reg_latch/Q (LNQD1BWP30P140)                          0.038472 & 0.634204 r
  I0/u_path_Q_u_fir/FE_PHC584_clk_gate_y_out_reg_net58442/Z (CKBD1BWP30P140)             0.013932 & 0.648136 r
  I0/u_path_Q_u_fir/U_PTECO3_CG_BUF3/Z (BUFFD0BWP30P140)                                 0.019013 & 0.667149 r
  I0/u_path_Q_u_fir/clk_gate_y_out_reg_main_gate/A1 (AN2D8BWP30P140)                     0.000039 & 0.667188 r
  data arrival time                                                                                 0.667188

  clock clk (fall edge)                                                                  0.520000   0.520000
  clock source latency                                                                   0.000000   0.520000
  I5/I1/C (PDDW04DGZ_H_G)                                                                0.000000   0.520000 f
  I0/CTS_csf_buf_00017/Z (CKBD12BWP30P140)                                               0.050225 & 0.570225 f
  I0/u_path_Q_u_fir/clk_gate_y_out_reg_main_gate/A2 (AN2D8BWP30P140)                     0.006869 & 0.577094 f
  clock reconvergence pessimism                                                          0.000000   0.577094
  clock uncertainty                                                                      0.050000   0.627094
  clock gating hold time                                                                 0.000000   0.627094
  data required time                                                                                0.627094
  -----------------------------------------------------------------------------------------------------------------
  data required time                                                                                0.627094
  data arrival time                                                                                 -0.667188
  -----------------------------------------------------------------------------------------------------------------
  slack (MET)                                                                                       0.040094


  Startpoint: I0/u_path_I_u_fir/clk_gate_y_out_reg_latch (negative level-sensitive latch clocked by clk)
  Endpoint: I0/u_path_I_u_fir/clk_gate_y_out_reg_main_gate (rising clock gating-check end-point clocked by clk)
  Last common pin: I5/I1/C
  Path Group: **clock_gating_default**
  Path Type: min

  Point                                                                                      Incr       Path
  -----------------------------------------------------------------------------------------------------------------
  clock clk (fall edge)                                                                  0.520000   0.520000
  clock source latency                                                                   0.000000   0.520000
  I5/I1/C (PDDW04DGZ_H_G)                                                                0.000000   0.520000 f
  I0/CTS_csf_buf_00017/Z (CKBD12BWP30P140)                                               0.050225 & 0.570225 f
  I0/CTS_cfo_buf_00038/Z (CKBD6BWP30P140)                                                0.021504 & 0.591730 f
  I0/u_path_I_u_fir/clk_gate_y_out_reg_latch/EN (LNQD1BWP30P140)                         0.004969 & 0.596699 f
  I0/u_path_I_u_fir/clk_gate_y_out_reg_latch/Q (LNQD1BWP30P140)                          0.039794 & 0.636493 r
  I0/u_path_I_u_fir/FE_PHC563_clk_gate_y_out_reg_net58442/Z (CKBD1BWP30P140)             0.013349 & 0.649842 r
  I0/u_path_I_u_fir/U_PTECO3_CG_BUF1/Z (BUFFD0BWP30P140)                                 0.019337 & 0.669179 r
  I0/u_path_I_u_fir/clk_gate_y_out_reg_main_gate/A1 (AN2D8BWP30P140)                     0.000045 & 0.669224 r
  data arrival time                                                                                 0.669224

  clock clk (fall edge)                                                                  0.520000   0.520000
  clock source latency                                                                   0.000000   0.520000
  I5/I1/C (PDDW04DGZ_H_G)                                                                0.000000   0.520000 f
  I0/CTS_csf_buf_00017/Z (CKBD12BWP30P140)                                               0.050225 & 0.570225 f
  I0/u_path_I_u_fir/clk_gate_y_out_reg_main_gate/A2 (AN2D8BWP30P140)                     0.008347 & 0.578572 f
  clock reconvergence pessimism                                                          0.000000   0.578572
  clock uncertainty                                                                      0.050000   0.628572
  clock gating hold time                                                                 0.000000   0.628572
  data required time                                                                                0.628572
  -----------------------------------------------------------------------------------------------------------------
  data required time                                                                                0.628572
  data arrival time                                                                                 -0.669224
  -----------------------------------------------------------------------------------------------------------------
  slack (MET)                                                                                       0.040652


  Startpoint: I0/u_path_Q_u_interp/clk_gate_sample_cnt_reg_latch (negative level-sensitive latch clocked by clk)
  Endpoint: I0/u_path_Q_u_interp/clk_gate_sample_cnt_reg_main_gate (rising clock gating-check end-point clocked by clk)
  Last common pin: I5/I1/C
  Path Group: **clock_gating_default**
  Path Type: min

  Point                                                                                              Incr       Path
  -------------------------------------------------------------------------------------------------------------------------
  clock clk (fall edge)                                                                          0.520000   0.520000
  clock source latency                                                                           0.000000   0.520000
  I5/I1/C (PDDW04DGZ_H_G)                                                                        0.000000   0.520000 f
  I0/CTS_csf_buf_00017/Z (CKBD12BWP30P140)                                                       0.050225 & 0.570225 f
  I0/CTS_cfo_buf_00038/Z (CKBD6BWP30P140)                                                        0.021504 & 0.591730 f
  I0/u_path_Q_u_interp/clk_gate_sample_cnt_reg_latch/EN (LNQD1BWP30P140)                         0.000218 & 0.591948 f
  I0/u_path_Q_u_interp/clk_gate_sample_cnt_reg_latch/Q (LNQD1BWP30P140)                          0.038666 & 0.630614 r
  I0/u_path_Q_u_interp/FE_PHC588_clk_gate_sample_cnt_reg_net58457/Z (CKBD1BWP30P140)             0.013751 & 0.644366 r
  I0/u_path_Q_u_interp/U_PTECO3_CG_BUF4/Z (BUFFD0BWP30P140)                                      0.020081 & 0.664447 r
  I0/u_path_Q_u_interp/clk_gate_sample_cnt_reg_main_gate/A1 (AN2D8BWP30P140)                     0.000088 & 0.664535 r
  data arrival time                                                                                         0.664535

  clock clk (fall edge)                                                                          0.520000   0.520000
  clock source latency                                                                           0.000000   0.520000
  I5/I1/C (PDDW04DGZ_H_G)                                                                        0.000000   0.520000 f
  I0/CTS_csf_buf_00017/Z (CKBD12BWP30P140)                                                       0.050225 & 0.570225 f
  I0/u_path_Q_u_interp/clk_gate_sample_cnt_reg_main_gate/A2 (AN2D8BWP30P140)                     0.001139 & 0.571364 f
  clock reconvergence pessimism                                                                  0.000000   0.571364
  clock uncertainty                                                                              0.050000   0.621364
  clock gating hold time                                                                         0.000000   0.621364
  data required time                                                                                        0.621364
  -------------------------------------------------------------------------------------------------------------------------
  data required time                                                                                        0.621364
  data arrival time                                                                                         -0.664535
  -------------------------------------------------------------------------------------------------------------------------
  slack (MET)                                                                                               0.043171


1
