****************************************
Report : timing
	-path_type full_clock
	-delay_type max
	-nosplit
	-slack_lesser_than 1000.000000
	-max_paths 20
	-group **clock_gating_default**
	-sort_by slack
Design : top
Version: X-2025.06-SP2-1
Date   : Thu Aug 20 10:20:19 2026
****************************************


  Startpoint: I0/u_path_Q_u_interp/clk_gate_sample_cnt_reg_latch (negative level-sensitive latch clocked by clk)
  Endpoint: I0/u_path_Q_u_interp/clk_gate_sample_cnt_reg_main_gate (rising clock gating-check end-point clocked by clk)
  Last common pin: I5/I1/C
  Path Group: **clock_gating_default**
  Path Type: max

  Point                                                                                              Incr       Path
  -------------------------------------------------------------------------------------------------------------------------
  clock clk (fall edge)                                                                          0.520000   0.520000
  clock source latency                                                                           0.000000   0.520000
  I5/I1/C (PDDW04DGZ_H_G)                                                                        0.000000   0.520000 f
  I0/CTS_csf_buf_00017/Z (CKBD12BWP30P140)                                                       0.057228 & 0.577228 f
  I0/CTS_cfo_buf_00038/Z (CKBD6BWP30P140)                                                        0.029156 & 0.606384 f
  I0/u_path_Q_u_interp/clk_gate_sample_cnt_reg_latch/EN (LNQD1BWP30P140)                         0.000226 & 0.606610 f
  I0/u_path_Q_u_interp/clk_gate_sample_cnt_reg_latch/Q (LNQD1BWP30P140)                          0.058218 & 0.664828 f
  I0/u_path_Q_u_interp/FE_PHC588_clk_gate_sample_cnt_reg_net58457/Z (CKBD1BWP30P140)             0.016907 & 0.681735 f
  I0/u_path_Q_u_interp/U_PTECO3_CG_BUF4/Z (BUFFD0BWP30P140)                                      0.024608 & 0.706343 f
  I0/u_path_Q_u_interp/clk_gate_sample_cnt_reg_main_gate/A1 (AN2D8BWP30P140)                     0.000080 & 0.706423 f
  data arrival time                                                                                         0.706423

  clock clk (rise edge)                                                                          1.040000   1.040000
  clock source latency                                                                           0.000000   1.040000
  I5/I1/C (PDDW04DGZ_H_G)                                                                        0.000000   1.040000 r
  I0/CTS_csf_buf_00017/Z (CKBD12BWP30P140)                                                       0.053024 & 1.093023 r
  I0/u_path_Q_u_interp/clk_gate_sample_cnt_reg_main_gate/A2 (AN2D8BWP30P140)                     0.001233 & 1.094256 r
  clock reconvergence pessimism                                                                  0.000000   1.094256
  clock uncertainty                                                                              -0.050000  1.044256
  clock gating setup time                                                                        0.000000   1.044256
  data required time                                                                                        1.044256
  -------------------------------------------------------------------------------------------------------------------------
  data required time                                                                                        1.044256
  data arrival time                                                                                         -0.706423
  -------------------------------------------------------------------------------------------------------------------------
  slack (MET)                                                                                               0.337834


  Startpoint: I0/u_path_I_u_fir/clk_gate_y_out_reg_latch (negative level-sensitive latch clocked by clk)
  Endpoint: I0/u_path_I_u_fir/clk_gate_y_out_reg_main_gate (rising clock gating-check end-point clocked by clk)
  Last common pin: I5/I1/C
  Path Group: **clock_gating_default**
  Path Type: max

  Point                                                                                      Incr       Path
  -----------------------------------------------------------------------------------------------------------------
  clock clk (fall edge)                                                                  0.520000   0.520000
  clock source latency                                                                   0.000000   0.520000
  I5/I1/C (PDDW04DGZ_H_G)                                                                0.000000   0.520000 f
  I0/CTS_csf_buf_00017/Z (CKBD12BWP30P140)                                               0.057228 & 0.577228 f
  I0/CTS_cfo_buf_00038/Z (CKBD6BWP30P140)                                                0.029156 & 0.606384 f
  I0/u_path_I_u_fir/clk_gate_y_out_reg_latch/EN (LNQD1BWP30P140)                         0.004967 & 0.611351 f
  I0/u_path_I_u_fir/clk_gate_y_out_reg_latch/Q (LNQD1BWP30P140)                          0.060302 & 0.671653 f
  I0/u_path_I_u_fir/FE_PHC563_clk_gate_y_out_reg_net58442/Z (CKBD1BWP30P140)             0.016437 & 0.688090 f
  I0/u_path_I_u_fir/U_PTECO3_CG_BUF1/Z (BUFFD0BWP30P140)                                 0.023560 & 0.711651 f
  I0/u_path_I_u_fir/clk_gate_y_out_reg_main_gate/A1 (AN2D8BWP30P140)                     0.000041 & 0.711692 f
  data arrival time                                                                                 0.711692

  clock clk (rise edge)                                                                  1.040000   1.040000
  clock source latency                                                                   0.000000   1.040000
  I5/I1/C (PDDW04DGZ_H_G)                                                                0.000000   1.040000 r
  I0/CTS_csf_buf_00017/Z (CKBD12BWP30P140)                                               0.053024 & 1.093023 r
  I0/u_path_I_u_fir/clk_gate_y_out_reg_main_gate/A2 (AN2D8BWP30P140)                     0.008470 & 1.101493 r
  clock reconvergence pessimism                                                          0.000000   1.101493
  clock uncertainty                                                                      -0.050000  1.051493
  clock gating setup time                                                                0.000000   1.051493
  data required time                                                                                1.051493
  -----------------------------------------------------------------------------------------------------------------
  data required time                                                                                1.051493
  data arrival time                                                                                 -0.711692
  -----------------------------------------------------------------------------------------------------------------
  slack (MET)                                                                                       0.339801


  Startpoint: I0/u_path_Q_u_fir/clk_gate_y_out_reg_latch (negative level-sensitive latch clocked by clk)
  Endpoint: I0/u_path_Q_u_fir/clk_gate_y_out_reg_main_gate (rising clock gating-check end-point clocked by clk)
  Last common pin: I5/I1/C
  Path Group: **clock_gating_default**
  Path Type: max

  Point                                                                                      Incr       Path
  -----------------------------------------------------------------------------------------------------------------
  clock clk (fall edge)                                                                  0.520000   0.520000
  clock source latency                                                                   0.000000   0.520000
  I5/I1/C (PDDW04DGZ_H_G)                                                                0.000000   0.520000 f
  I0/CTS_csf_buf_00017/Z (CKBD12BWP30P140)                                               0.057228 & 0.577228 f
  I0/CTS_cfo_buf_00038/Z (CKBD6BWP30P140)                                                0.029156 & 0.606384 f
  I0/u_path_Q_u_fir/clk_gate_y_out_reg_latch/EN (LNQD1BWP30P140)                         0.004006 & 0.610390 f
  I0/u_path_Q_u_fir/clk_gate_y_out_reg_latch/Q (LNQD1BWP30P140)                          0.058699 & 0.669090 f
  I0/u_path_Q_u_fir/FE_PHC584_clk_gate_y_out_reg_net58442/Z (CKBD1BWP30P140)             0.017128 & 0.686217 f
  I0/u_path_Q_u_fir/U_PTECO3_CG_BUF3/Z (BUFFD0BWP30P140)                                 0.023477 & 0.709694 f
  I0/u_path_Q_u_fir/clk_gate_y_out_reg_main_gate/A1 (AN2D8BWP30P140)                     0.000035 & 0.709729 f
  data arrival time                                                                                 0.709729

  clock clk (rise edge)                                                                  1.040000   1.040000
  clock source latency                                                                   0.000000   1.040000
  I5/I1/C (PDDW04DGZ_H_G)                                                                0.000000   1.040000 r
  I0/CTS_csf_buf_00017/Z (CKBD12BWP30P140)                                               0.053024 & 1.093023 r
  I0/u_path_Q_u_fir/clk_gate_y_out_reg_main_gate/A2 (AN2D8BWP30P140)                     0.006987 & 1.100011 r
  clock reconvergence pessimism                                                          0.000000   1.100011
  clock uncertainty                                                                      -0.050000  1.050011
  clock gating setup time                                                                0.000000   1.050011
  data required time                                                                                1.050011
  -----------------------------------------------------------------------------------------------------------------
  data required time                                                                                1.050011
  data arrival time                                                                                 -0.709729
  -----------------------------------------------------------------------------------------------------------------
  slack (MET)                                                                                       0.340282


  Startpoint: I0/u_control_clk_gate_cfg_reg_reg_latch (negative level-sensitive latch clocked by clk)
  Endpoint: I0/u_control_clk_gate_cfg_reg_reg_main_gate (rising clock gating-check end-point clocked by clk)
  Last common pin: I5/I1/C
  Path Group: **clock_gating_default**
  Path Type: max

  Point                                                                                       Incr       Path
  ------------------------------------------------------------------------------------------------------------------
  clock clk (fall edge)                                                                   0.520000   0.520000
  clock source latency                                                                    0.000000   0.520000
  I5/I1/C (PDDW04DGZ_H_G)                                                                 0.000000   0.520000 f
  I0/CTS_csf_buf_00017/Z (CKBD12BWP30P140)                                                0.057228 & 0.577228 f
  I0/CTS_ccl_a_buf_00015/Z (CKBD2BWP30P140)                                               0.038274 & 0.615502 f
  I0/u_control_clk_gate_cfg_reg_reg_latch/EN (LNQD1BWP30P140)                             0.000356 & 0.615858 f
  I0/u_control_clk_gate_cfg_reg_reg_latch/Q (LNQD1BWP30P140)                              0.064104 & 0.679963 f
  I0/FE_PHC533_u_control_clk_gate_cfg_reg_reg_net58487/Z (DEL050MD1BWP30P140)             0.052406 & 0.732369 f
  I0/u_control_clk_gate_cfg_reg_reg_main_gate/A1 (AN2D0BWP30P140)                         0.000039 & 0.732407 f
  data arrival time                                                                                  0.732407

  clock clk (rise edge)                                                                   1.040000   1.040000
  clock source latency                                                                    0.000000   1.040000
  I5/I1/C (PDDW04DGZ_H_G)                                                                 0.000000   1.040000 r
  I0/CTS_csf_buf_00017/Z (CKBD12BWP30P140)                                                0.053024 & 1.093023 r
  I0/CTS_ccl_a_buf_00015/Z (CKBD2BWP30P140)                                               0.036871 & 1.129895 r
  I0/u_control_clk_gate_cfg_reg_reg_main_gate/A2 (AN2D0BWP30P140)                         0.000377 & 1.130272 r
  clock reconvergence pessimism                                                           0.000000   1.130272
  clock uncertainty                                                                       -0.050000  1.080272
  clock gating setup time                                                                 0.000000   1.080272
  data required time                                                                                 1.080272
  ------------------------------------------------------------------------------------------------------------------
  data required time                                                                                 1.080272
  data arrival time                                                                                  -0.732407
  ------------------------------------------------------------------------------------------------------------------
  slack (MET)                                                                                        0.347864


  Startpoint: I0/u_control_clk_gate_L_val_reg_latch (negative level-sensitive latch clocked by clk)
  Endpoint: I0/u_control_clk_gate_L_val_reg_main_gate (rising clock gating-check end-point clocked by clk)
  Last common pin: I5/I1/C
  Path Group: **clock_gating_default**
  Path Type: max

  Point                                                                                     Incr       Path
  ----------------------------------------------------------------------------------------------------------------
  clock clk (fall edge)                                                                 0.520000   0.520000
  clock source latency                                                                  0.000000   0.520000
  I5/I1/C (PDDW04DGZ_H_G)                                                               0.000000   0.520000 f
  I0/CTS_csf_buf_00017/Z (CKBD12BWP30P140)                                              0.057228 & 0.577228 f
  I0/CTS_ccl_a_buf_00015/Z (CKBD2BWP30P140)                                             0.038274 & 0.615502 f
  I0/u_control_clk_gate_L_val_reg_latch/EN (LNQD1BWP30P140)                             0.000343 & 0.615845 f
  I0/u_control_clk_gate_L_val_reg_latch/Q (LNQD1BWP30P140)                              0.063783 & 0.679629 f
  I0/FE_PHC534_u_control_clk_gate_L_val_reg_net58487/Z (DEL050MD1BWP30P140)             0.052504 & 0.732133 f
  I0/u_control_clk_gate_L_val_reg_main_gate/A1 (AN2D0BWP30P140)                         0.000056 & 0.732189 f
  data arrival time                                                                                0.732189

  clock clk (rise edge)                                                                 1.040000   1.040000
  clock source latency                                                                  0.000000   1.040000
  I5/I1/C (PDDW04DGZ_H_G)                                                               0.000000   1.040000 r
  I0/CTS_csf_buf_00017/Z (CKBD12BWP30P140)                                              0.053024 & 1.093023 r
  I0/CTS_ccl_a_buf_00015/Z (CKBD2BWP30P140)                                             0.036871 & 1.129895 r
  I0/u_control_clk_gate_L_val_reg_main_gate/A2 (AN2D0BWP30P140)                         0.000333 & 1.130228 r
  clock reconvergence pessimism                                                         0.000000   1.130228
  clock uncertainty                                                                     -0.050000  1.080228
  clock gating setup time                                                               0.000000   1.080228
  data required time                                                                               1.080228
  ----------------------------------------------------------------------------------------------------------------
  data required time                                                                               1.080228
  data arrival time                                                                                -0.732189
  ----------------------------------------------------------------------------------------------------------------
  slack (MET)                                                                                      0.348039


  Startpoint: I0/u_path_Q_u_sipo_clk_gate_shift_reg_reg_latch (negative level-sensitive latch clocked by clk)
  Endpoint: I0/u_path_Q_u_sipo_clk_gate_shift_reg_reg_main_gate (rising clock gating-check end-point clocked by clk)
  Last common pin: I5/I1/C
  Path Group: **clock_gating_default**
  Path Type: max

  Point                                                                                            Incr       Path
  -----------------------------------------------------------------------------------------------------------------------
  clock clk (fall edge)                                                                        0.520000   0.520000
  clock source latency                                                                         0.000000   0.520000
  I5/I1/C (PDDW04DGZ_H_G)                                                                      0.000000   0.520000 f
  I0/CTS_csf_buf_00017/Z (CKBD12BWP30P140)                                                     0.057228 & 0.577228 f
  I0/CTS_ccl_a_buf_00015/Z (CKBD2BWP30P140)                                                    0.038274 & 0.615502 f
  I0/u_path_Q_u_sipo_clk_gate_shift_reg_reg_latch/EN (LNQD1BWP30P140)                          0.000459 & 0.615961 f
  I0/u_path_Q_u_sipo_clk_gate_shift_reg_reg_latch/Q (LNQD1BWP30P140)                           0.062405 & 0.678366 f
  I0/FE_PHC487_u_path_Q_u_sipo_clk_gate_shift_reg_reg_net58472/Z (BUFFD0BWP30P140)             0.020869 & 0.699235 f
  I0/U_PTECO3_CG_BUF2/Z (BUFFD0BWP30P140)                                                      0.022452 & 0.721687 f
  I0/u_path_Q_u_sipo_clk_gate_shift_reg_reg_main_gate/A1 (AN2D4BWP30P140)                      0.000052 & 0.721739 f
  data arrival time                                                                                       0.721739

  clock clk (rise edge)                                                                        1.040000   1.040000
  clock source latency                                                                         0.000000   1.040000
  I5/I1/C (PDDW04DGZ_H_G)                                                                      0.000000   1.040000 r
  I0/CTS_csf_buf_00017/Z (CKBD12BWP30P140)                                                     0.053024 & 1.093023 r
  I0/CTS_cfo_buf_00038/Z (CKBD6BWP30P140)                                                      0.028255 & 1.121279 r
  I0/u_path_Q_u_sipo_clk_gate_shift_reg_reg_main_gate/A2 (AN2D4BWP30P140)                      0.001610 & 1.122888 r
  clock reconvergence pessimism                                                                0.000000   1.122888
  clock uncertainty                                                                            -0.050000  1.072888
  clock gating setup time                                                                      0.000000   1.072888
  data required time                                                                                      1.072888
  -----------------------------------------------------------------------------------------------------------------------
  data required time                                                                                      1.072888
  data arrival time                                                                                       -0.721739
  -----------------------------------------------------------------------------------------------------------------------
  slack (MET)                                                                                             0.351149


1
